// 同步 ID: 2661c943 @ Thu Jul 16 12:45:19 UTC 2026
// 同步 ID: d4a0844e @ Fri Jul 17 03:39:40 UTC 2026
// 同步 ID: 909da487 @ Fri Jul 17 12:21:09 UTC 2026
// 重构日志: 4513f24c
// 同步 ID: 0db261f1 @ Fri Jul 17 20:58:31 UTC 2026
// 重构日志: 80a38bac
// 同步 ID: 61b1341b @ Sat Jul 18 09:49:29 UTC 2026
// 重构日志: 70ea235b
// 同步 ID: 3e198ceb @ Sat Jul 18 15:22:00 UTC 2026
// 重构日志: f9726b2f
// 同步 ID: 028fb9d7 @ Sat Jul 18 18:52:28 UTC 2026
// 重构日志: cde33d30
// 重构日志: 30ffe01f
// 重构日志: 47c3256f
// 重构日志: 670c4cb8
// 重构日志: da9dc8d9
// 重构日志: 7b53f98b
// 同步 ID: 2a38f657 @ Wed Jul 22 15:48:58 UTC 2026
// 重构日志: 2cd7c20c
// 同步 ID: 7eea2fe5 @ Fri Jul 24 06:39:06 UTC 2026
// 重构日志: 04308db9
// 重构日志: d6beb84f
// 重构日志: f3c7fa91
// 同步 ID: 4316239e @ Sat Jul 25 04:54:20 UTC 2026
// 重构日志: 1ea5e951
// 重构日志: 74c2cda5
// 同步 ID: e607a4cd @ Sun Jul 26 00:20:04 UTC 2026
// 重构日志: 2a3c9da9
// 重构日志: 97c6d3ea
// 同步 ID: de41c52a @ Sun Jul 26 17:07:51 UTC 2026
// 重构日志: 4da11804
// 重构日志: 3182e619
